// Jest Snapshot v1, https://goo.gl/fbAQLP

exports[`renders correctlly 1`] = `
<div
  className="app"
>
  <h1>
    Hello React
  </h1>
</div>
`;
